node.exe : 
In Zeile:1 Zeichen:1
+ & "C:\Program 
Files\nodejs/node.exe" 
"C:\Program 
Files\nodejs/node_mo 
...
+ ~~~~~~~~~~~~~~~~~~~~~
~~~~~~~~~~~~~~~~~~~~~~~
~~~~~~~~~~~~~~~~~~~~~~~
~~
    + CategoryInfo     
         : NotSpecifi  
  ed: (:String) [],    
 RemoteException
    + FullyQualifiedEr 
   rorId : NativeComm  
  andError
 
node:internal/modules/r
un_main:107
    triggerUncaughtExce
ption(
    ^
Error 
[TransformError]: 
Transform failed with 
1 error:
C:\Users\nickm\Document
s\anitigrafity\Training
Claw\src\test_engine.ts
:1:0: ERROR: 
Unexpected "´┐¢"
    at 
failureErrorWithLog (C:
\Users\nickm\Documents\
anitigrafity\TrainingCl
aw\node_modules\esbuild
\lib\main.js:1467:15)
    at C:\Users\nickm\D
ocuments\anitigrafity\T
rainingClaw\node_module
s\esbuild\lib\main.js:7
36:50
    at responseCallback
s.<computed> (C:\Users\
nickm\Documents\anitigr
afity\TrainingClaw\node
_modules\esbuild\lib\ma
in.js:603:9)
    at 
handleIncomingPacket (C
:\Users\nickm\Documents
\anitigrafity\TrainingC
law\node_modules\esbuil
d\lib\main.js:658:12)
    at 
Socket.readFromStdout (
C:\Users\nickm\Document
s\anitigrafity\Training
Claw\node_modules\esbui
ld\lib\main.js:581:7)
    at Socket.emit 
(node:events:508:28)
    at addChunk (node:i
nternal/streams/readabl
e:559:12)
    at readableAddChunk
PushByteMode (node:inte
rnal/streams/readable:5
10:3)
    at Readable.push (n
ode:internal/streams/re
adable:390:5)
    at 
Pipe.onStreamRead (node
:internal/stream_base_c
ommons:189:23)

Node.js v24.12.0
